exports[`test Renders initial DevTools 1`] = `
<div
  className="devtools-container">
  <h2>
    Flux DevTools
  </h2>
  <hr />
  <div>
    <p />
  </div>
</div>
`;
